
> omyt-site@1.0.0 start
> next start -p 4100

▲ Next.js 16.2.9
- Local:         http://localhost:4100
- Network:       http://192.168.0.89:4100
✓ Ready in 1765ms

> omyt-site@1.0.0 start
> next start -p 4100

▲ Next.js 16.2.9
- Local:         http://localhost:4100
- Network:       http://192.168.0.89:4100
✓ Ready in 575ms

> omyt-site@1.0.0 start
> next start -p 4100

▲ Next.js 16.2.9
- Local:         http://localhost:4100
- Network:       http://172.20.10.9:4100
✓ Ready in 1548ms

> omyt-site@1.0.0 start
> next start -p 4100

▲ Next.js 16.2.9
- Local:         http://localhost:4100
- Network:       http://172.20.10.9:4100
✓ Ready in 1308ms

> omyt-site@1.0.0 start
> next start -p 4100

▲ Next.js 16.2.9
- Local:         http://localhost:4100
- Network:       http://192.168.0.89:4100
✓ Ready in 1110ms

> omyt-site@1.0.0 start
> next start -p 4100

▲ Next.js 16.2.9
- Local:         http://localhost:4100
- Network:       http://169.254.151.183:4100
✓ Ready in 895ms

> omyt-site@1.0.0 start
> next start -p 4100

▲ Next.js 16.2.9
- Local:         http://localhost:4100
✓ Ready in 956ms

> omyt-site@1.0.0 start
> next start -p 4100

▲ Next.js 16.2.9
- Local:         http://localhost:4100
- Network:       http://192.168.0.117:4100
✓ Ready in 2.3s

> omyt-site@1.0.0 start
> next start -p 4100

▲ Next.js 16.2.9
- Local:         http://localhost:4100
- Network:       http://192.168.0.117:4100
✓ Ready in 1447ms

> omyt-site@1.0.0 start
> next start -p 4100

▲ Next.js 16.2.9
- Local:         http://localhost:4100
- Network:       http://192.168.0.117:4100
✓ Ready in 565ms

> omyt-site@1.0.0 start
> next start -p 4100

▲ Next.js 16.2.9
- Local:         http://localhost:4100
- Network:       http://192.168.0.117:4100
✓ Ready in 1099ms

> omyt-site@1.0.0 start
> next start -p 4100

▲ Next.js 16.2.9
- Local:         http://localhost:4100
- Network:       http://172.20.10.9:4100
✓ Ready in 853ms

> omyt-site@1.0.0 start
> next start -p 4100

▲ Next.js 16.2.9
- Local:         http://localhost:4100
- Network:       http://172.20.10.9:4100
✓ Ready in 778ms

> omyt-site@1.0.0 start
> next start -p 4100

▲ Next.js 16.2.9
- Local:         http://localhost:4100
✓ Ready in 1776ms

> omyt-site@1.0.0 start
> next start -p 4100

▲ Next.js 16.2.9
- Local:         http://localhost:4100
- Network:       http://172.20.10.9:4100
✓ Ready in 1241ms
